This is Ipopt version 3.14.17, running with linear solver MUMPS 5.6.2.

Number of nonzeros in equality constraint Jacobian...:    78060
Number of nonzeros in inequality constraint Jacobian.:        0
Number of nonzeros in Lagrangian Hessian.............:        0

Total number of variables............................:     4721
                     variables with only lower bounds:     1601
                variables with lower and upper bounds:        0
                     variables with only upper bounds:        0
Total number of equality constraints.................:     4720
Total number of inequality constraints...............:        0
        inequality constraints with only lower bounds:        0
   inequality constraints with lower and upper bounds:        0
        inequality constraints with only upper bounds:        0

iter    objective    inf_pr   inf_du lg(mu)  ||d||  lg(rg) alpha_du alpha_pr  ls
   0  2.8243725e-01 1.07e+00 9.62e-01   0.0 0.00e+00    -  0.00e+00 0.00e+00   0
   1  2.5285650e-01 6.25e-01 9.12e+01  -1.5 1.44e+00    -  9.95e-01 1.00e+00h  1
   2  2.6052909e-01 2.88e-01 8.83e+00  -1.9 1.39e+00    -  1.00e+00 1.00e+00h  1
   3  2.6399634e-01 1.69e-01 7.93e-01  -2.5 2.23e+00    -  1.00e+00 1.00e+00h  1
   4  2.6051985e-01 3.82e-02 6.96e-02  -3.5 3.07e+00    -  9.99e-01 1.00e+00h  1
   5  2.3061634e-01 5.49e-01 1.40e-01  -4.1 3.72e+01    -  1.00e+00 1.00e+00h  1
   6  2.3306954e-01 1.57e-01 1.07e-01  -4.7 1.81e+01    -  1.00e+00 1.00e+00h  1
   7  2.3089221e-01 7.80e-02 1.08e-01  -4.8 1.35e+01    -  1.00e+00 1.00e+00h  1
   8  2.2880082e-01 2.10e-01 3.67e-02  -5.5 3.98e+01    -  1.00e+00 1.00e+00h  1
   9  2.2946180e-01 4.94e-02 3.40e-03  -6.4 5.15e+00    -  1.00e+00 1.00e+00h  1
iter    objective    inf_pr   inf_du lg(mu)  ||d||  lg(rg) alpha_du alpha_pr  ls
  10  2.2950116e-01 1.36e-02 9.79e-04  -7.9 1.29e+00    -  1.00e+00 1.00e+00h  1
  11  2.2951339e-01 3.00e-03 1.29e-04  -9.5 4.23e-01    -  1.00e+00 1.00e+00h  1
  12  2.2951476e-01 1.02e-03 2.58e-05 -11.0 9.06e-02    -  1.00e+00 1.00e+00h  1
  13  2.2951510e-01 2.52e-04 5.05e-06 -11.0 1.97e-02    -  1.00e+00 1.00e+00h  1
  14  2.2951521e-01 6.89e-05 8.42e-07 -11.0 2.24e-03    -  1.00e+00 1.00e+00h  1

Number of Iterations....: 14

                                   (scaled)                 (unscaled)
Objective...............:   2.2951521059838609e-01    2.2951521059838609e-01
Dual infeasibility......:   8.4185622864383437e-07    8.4185622864383437e-07
Constraint violation....:   6.8923184958324946e-05    6.8923184958324946e-05
Variable bound violation:   0.0000000000000000e+00    0.0000000000000000e+00
Complementarity.........:   1.0000000000000001e-11    1.0000000000000001e-11
Overall NLP error.......:   6.8923184958324946e-05    6.8923184958324946e-05


Number of objective function evaluations             = 15
Number of objective gradient evaluations             = 15
Number of equality constraint evaluations            = 15
Number of inequality constraint evaluations          = 0
Number of equality constraint Jacobian evaluations   = 15
Number of inequality constraint Jacobian evaluations = 0
Number of Lagrangian Hessian evaluations             = 0
Total seconds in IPOPT                               = 3.646

EXIT: Optimal Solution Found.
